Reusing configuration cache.
> Task :app:checkKotlinGradlePluginConfigurationErrors SKIPPED
> Task :app:preBuild UP-TO-DATE
> Task :app:preDebugBuild UP-TO-DATE
> Task :app:mergeDebugNativeDebugMetadata NO-SOURCE
> Task :app:generateDebugResValues UP-TO-DATE
> Task :app:createDebugCompatibleScreenManifests UP-TO-DATE
> Task :app:writeDebugAppMetadata UP-TO-DATE
> Task :app:validateSigningDebug UP-TO-DATE
> Task :app:generateDebugBuildConfig UP-TO-DATE
> Task :app:javaPreCompileDebug UP-TO-DATE
> Task :app:desugarDebugFileDependencies UP-TO-DATE
> Task :app:mergeDebugJniLibFolders UP-TO-DATE
> Task :app:writeDebugSigningConfigVersions UP-TO-DATE
> Task :app:mergeDebugShaders UP-TO-DATE
> Task :app:extractDeepLinksDebug UP-TO-DATE
> Task :app:generateDebugResources UP-TO-DATE
> Task :app:compileDebugShaders NO-SOURCE
> Task :app:generateDebugAssets UP-TO-DATE
> Task :app:checkDebugAarMetadata UP-TO-DATE
> Task :app:checkDebugDuplicateClasses UP-TO-DATE
> Task :app:mapDebugSourceSetPaths UP-TO-DATE
> Task :app:packageDebugResources UP-TO-DATE
> Task :app:mergeDebugAssets UP-TO-DATE
> Task :app:mergeDebugNativeLibs UP-TO-DATE
> Task :app:compressDebugAssets UP-TO-DATE
> Task :app:mergeLibDexDebug UP-TO-DATE
> Task :app:processDebugMainManifest UP-TO-DATE
> Task :app:stripDebugDebugSymbols UP-TO-DATE
> Task :app:mergeDebugResources UP-TO-DATE
> Task :app:parseDebugLocalResources UP-TO-DATE
> Task :app:processDebugManifest UP-TO-DATE
> Task :app:mergeExtDexDebug UP-TO-DATE
> Task :app:processDebugManifestForPackage UP-TO-DATE
> Task :app:processDebugResources UP-TO-DATE

> Task :app:compileDebugKotlin FAILED
.\gradlew.bat : e: file:///D:/project/Tabula/TabulaV3/app/src/main/java/com/tabula/v
3/ui/screens/DeckScreen.kt:312:25 No value passed for parameter 'onAlbumsClick'.
所在位置 行:1 字符: 1
+ .\gradlew.bat :app:assembleDebug > build_output.txt 2>&1
+ ~~~~~~~~~~~~~~~~~~~~~~~~~~~~~~~~~~~~~~~~~~~~~~~~~~~~~~~~
    + CategoryInfo          : NotSpecified: (e: file:///D:/p...onAlbumsClick'.:Stri 
   ng) [], RemoteException
    + FullyQualifiedErrorId : NativeCommandError
 
e: file:///D:/project/Tabula/TabulaV3/app/src/main/java/com/tabula/v3/ui/screens/Dec
kScreen.kt:396:5 Conflicting declarations:
onAlbumsClick: () -> Unit
onAlbumsClick: () -> Unit
e: file:///D:/project/Tabula/TabulaV3/app/src/main/java/com/tabula/v3/ui/screens/Dec
kScreen.kt:397:5 Conflicting declarations:
onAlbumsClick: () -> Unit
onAlbumsClick: () -> Unit
e: file:///D:/project/Tabula/TabulaV3/app/src/main/java/com/tabula/v3/ui/screens/Dec
kScreen.kt:687:34 Unresolved reference 'width'.
e: file:///D:/project/Tabula/TabulaV3/app/src/main/java/com/tabula/v3/ui/screens/Dec
kScreen.kt:708:34 Unresolved reference 'width'.

FAILURE: Build failed with an exception.

* What went wrong:
Execution failed for task ':app:compileDebugKotlin'.
> A failure occurred while executing org.jetbrains.kotlin.compilerRunner.GradleCompi
lerRunnerWithWorkers$GradleKotlinCompilerWorkAction
   > Compilation error. See log for more details

* Try:
> Run with --stacktrace option to get the stack trace.
> Run with --info or --debug option to get more log output.
> Run with --scan to get full insights.
> Get more help at https://help.gradle.org.

BUILD FAILED in 4s
29 actionable tasks: 1 executed, 28 up-to-date
Configuration cache entry reused.
